(= 1 1): true
(= 1 2): false
(= "a" "a"): true
(= "a" "b"): false
(= 1 "foo"): false
